Initialized native services in: C:\Users\simon\.gradle\native
Initialized jansi services in: C:\Users\simon\.gradle\native
Found daemon DaemonInfo{pid=3748, address=[c0de692a-8e83-46d9-8ef3-732c1e55edc2 port:61017, addresses:[/127.0.0.1]], state=Idle, lastBusy=1766784853194, context=DefaultDaemonContext[uid=bd77a86c-3c7a-4c6f-9b4e-7a2beb7cd214,javaHome=C:\Program Files\Java\jdk-21,javaVersion=21,javaVendor=Oracle Corporation,daemonRegistryDir=C:\Users\simon\.gradle\daemon,pid=3748,idleTimeout=10800000,priority=NORMAL,applyInstrumentationAgent=true,nativeServicesMode=ENABLED,daemonOpts=-Xmx1G,-Dfile.encoding=UTF-8,-Duser.country,-Duser.language=en,-Duser.variant]} however its context does not match the desired criteria.
At least one daemon option is different.
Wanted: DaemonRequestContext{jvmCriteria=C:\Program Files\Java\jdk-21 (no JDK specified, using current Java home), daemonOpts=[-Xmx2G, -Dfile.encoding=UTF-8, -Duser.country=IT, -Duser.language=it, -Duser.variant], applyInstrumentationAgent=true, nativeServicesMode=ENABLED, priority=NORMAL}
Actual: DefaultDaemonContext[uid=bd77a86c-3c7a-4c6f-9b4e-7a2beb7cd214,javaHome=C:\Program Files\Java\jdk-21,javaVersion=21,javaVendor=Oracle Corporation,daemonRegistryDir=C:\Users\simon\.gradle\daemon,pid=3748,idleTimeout=10800000,priority=NORMAL,applyInstrumentationAgent=true,nativeServicesMode=ENABLED,daemonOpts=-Xmx1G,-Dfile.encoding=UTF-8,-Duser.country,-Duser.language=en,-Duser.variant]

  Looking for a different daemon...
Found daemon DaemonInfo{pid=24940, address=[1fcb2894-0e63-4dcb-9143-55edd66ab029 port:61027, addresses:[/127.0.0.1]], state=Idle, lastBusy=1767173828829, context=DefaultDaemonContext[uid=e235a72a-116f-4fd0-9c31-07ca95d71c4c,javaHome=C:\Users\simon\.vscode\extensions\redhat.java-1.50.0-win32-x64\jre\21.0.9-win32-x86_64,javaVersion=21,javaVendor=Eclipse Adoptium,daemonRegistryDir=C:\Users\simon\.gradle\daemon,pid=24940,idleTimeout=10800000,priority=NORMAL,applyInstrumentationAgent=true,nativeServicesMode=ENABLED,daemonOpts=-Xmx2G,-Dfile.encoding=UTF-8,-Duser.country=IT,-Duser.language=it,-Duser.variant]} however its context does not match the desired criteria.
JVM is incompatible.
Wanted: DaemonRequestContext{jvmCriteria=C:\Program Files\Java\jdk-21 (no JDK specified, using current Java home), daemonOpts=[-Xmx2G, -Dfile.encoding=UTF-8, -Duser.country=IT, -Duser.language=it, -Duser.variant], applyInstrumentationAgent=true, nativeServicesMode=ENABLED, priority=NORMAL}
Actual: DefaultDaemonContext[uid=e235a72a-116f-4fd0-9c31-07ca95d71c4c,javaHome=C:\Users\simon\.vscode\extensions\redhat.java-1.50.0-win32-x64\jre\21.0.9-win32-x86_64,javaVersion=21,javaVendor=Eclipse Adoptium,daemonRegistryDir=C:\Users\simon\.gradle\daemon,pid=24940,idleTimeout=10800000,priority=NORMAL,applyInstrumentationAgent=true,nativeServicesMode=ENABLED,daemonOpts=-Xmx2G,-Dfile.encoding=UTF-8,-Duser.country=IT,-Duser.language=it,-Duser.variant]

  Looking for a different daemon...
Removing daemon from the registry due to communication failure. Daemon information: DaemonInfo{pid=75804, address=[56dd36ef-dd02-4557-a535-beeb34305f68 port:56472, addresses:[/127.0.0.1]], state=Idle, lastBusy=1767113694338, context=DefaultDaemonContext[uid=86d2f41b-9b25-4066-883e-09db9c78353a,javaHome=C:\Program Files\Java\jdk-21,javaVersion=21,javaVendor=Oracle Corporation,daemonRegistryDir=C:\Users\simon\.gradle\daemon,pid=75804,idleTimeout=10800000,priority=NORMAL,applyInstrumentationAgent=true,nativeServicesMode=ENABLED,daemonOpts=-Xmx2G,-Dfile.encoding=UTF-8,-Duser.country=IT,-Duser.language=it,-Duser.variant]}
Removing 0 daemon stop events from registry
Previous Daemon (76544) stopped at Wed Dec 31 10:37:06 CET 2025 by user or operating system
Previous Daemon (75804) stopped at Wed Dec 31 10:40:15 CET 2025 by user or operating system
Starting a Gradle Daemon, 1 busy and 3 incompatible and 2 stopped Daemons could not be reused, use --status for details
Starting process 'Gradle build daemon'. Working directory: C:\Users\simon\.gradle\daemon\9.2.1-20251115020124+0000 Command: C:\Program Files\Java\jdk-21\bin\java.exe --add-opens=java.base/java.lang=ALL-UNNAMED --add-opens=java.base/java.lang.invoke=ALL-UNNAMED --add-opens=java.base/java.util=ALL-UNNAMED --add-opens=java.prefs/java.util.prefs=ALL-UNNAMED --add-exports=jdk.compiler/com.sun.tools.javac.api=ALL-UNNAMED --add-exports=jdk.compiler/com.sun.tools.javac.util=ALL-UNNAMED --add-opens=java.base/java.util=ALL-UNNAMED --add-opens=java.prefs/java.util.prefs=ALL-UNNAMED --add-opens=java.base/java.nio.charset=ALL-UNNAMED --add-opens=java.base/java.net=ALL-UNNAMED --add-opens=java.base/java.util.concurrent=ALL-UNNAMED --add-opens=java.base/java.util.concurrent.atomic=ALL-UNNAMED --add-opens=java.xml/javax.xml.namespace=ALL-UNNAMED --add-opens=java.base/java.time=ALL-UNNAMED -Xmx2G -Dfile.encoding=UTF-8 -Duser.country=IT -Duser.language=it -Duser.variant -cp C:\Users\simon\.gradle\wrapper\dists\gradle-9.2.1-20251115020124+0000-bin\7713tmyvvg6w9tfxsebtt13e\gradle-9.2.1-20251115020124+0000\lib\gradle-daemon-main-9.2.1.jar -javaagent:C:\Users\simon\.gradle\wrapper\dists\gradle-9.2.1-20251115020124+0000-bin\7713tmyvvg6w9tfxsebtt13e\gradle-9.2.1-20251115020124+0000\lib\agents\gradle-instrumentation-agent-9.2.1.jar org.gradle.launcher.daemon.bootstrap.GradleDaemon 9.2.1-20251115020124+0000
Successfully started process 'Gradle build daemon'
An attempt to start the daemon took 0.974 secs.
The client will now receive all logging from the daemon (pid: 91564). The daemon log file: C:\Users\simon\.gradle\daemon\9.2.1-20251115020124+0000\daemon-91564.out.log
Starting build in new daemon [memory: 2 GiB]
Using 32 worker leases.
Operational build model parameters: {requiresToolingModels=false, parallelProjectExecution=false, configureOnDemand=false, configurationCache=false, configurationCacheParallelStore=false, configurationCacheParallelLoad=true, isolatedProjects=false, parallelProjectConfiguration=false, intermediateModelCache=false, parallelToolingApiActions=false, invalidateCoupledProjects=false, modelAsProjectDependency=false, resilientModelBuilding=false}
Received JVM installation metadata from 'C:\Program Files\Java\jdk-21': {JAVA_HOME=C:\Program Files\Java\jdk-21, JAVA_VERSION=21.0.9, JAVA_VENDOR=Oracle Corporation, RUNTIME_NAME=Java(TM) SE Runtime Environment, RUNTIME_VERSION=21.0.9+7-LTS-338, VM_NAME=Java HotSpot(TM) 64-Bit Server VM, VM_VERSION=21.0.9+7-LTS-338, VM_VENDOR=Oracle Corporation, OS_ARCH=amd64}
Watching the file system is configured to be enabled if available
Now considering [D:\GitProjects\ImmersivePortals] as hierarchies to watch
File system watching is active
Starting Build
Settings evaluated using settings file 'D:\GitProjects\ImmersivePortals\settings.gradle'.
Projects loaded. Root project using build file 'D:\GitProjects\ImmersivePortals\build.gradle'.
Included projects: [root project 'ImmersivePortals']

> Configure project :
Evaluating root project 'ImmersivePortals' using build file 'D:\GitProjects\ImmersivePortals\build.gradle'.
Resolved plugin [id: 'fabric-loom', version: '1.14-SNAPSHOT']
Resolved plugin [id: 'maven-publish']
Resolved plugin [id: 'me.modmuss50.mod-publish-plugin', version: '0.3.5']
Fabric Loom: 1.14.10
(kotlin.metadata.jvm.KotlinClassMetadata) with version (2.2.20-release-333) was loaded from (/C:/Users/simon/.gradle/caches/modules-2/files-2.1/org.jetbrains.kotlin/kotlin-metadata-jvm/2.2.20/1f04dd6a9950a57b90ab8fa536337ba76dee4f59/kotlin-metadata-jvm-2.2.20.jar)
(org.objectweb.asm.ClassVisitor) with version (9.9) was loaded from (/C:/Users/simon/.gradle/caches/modules-2/files-2.1/org.ow2.asm/asm/9.9/c29635c8a7afa03d74b33c1884df8abb2b3f3dcc/asm-9.9.jar)
(org.objectweb.asm.tree.analysis.Analyzer) with version (9.9) was loaded from (/C:/Users/simon/.gradle/caches/modules-2/files-2.1/org.ow2.asm/asm-analysis/9.9/bf4fa6e66638851c1cd22c2caea0c3ee5d5f437/asm-analysis-9.9.jar)
(org.objectweb.asm.commons.ClassRemapper) with version (9.9) was loaded from (/C:/Users/simon/.gradle/caches/modules-2/files-2.1/org.ow2.asm/asm-commons/9.9/db9165a3bf908ded6b08612d583a15d1d0c7bda0/asm-commons-9.9.jar)
(org.objectweb.asm.tree.ClassNode) with version (9.9) was loaded from (/C:/Users/simon/.gradle/caches/modules-2/files-2.1/org.ow2.asm/asm-tree/9.9/f8de6eead6d24dd0f45bd065bbe112b2cda6ea21/asm-tree-9.9.jar)
(org.objectweb.asm.util.ASMifier) with version (9.9) was loaded from (/C:/Users/simon/.gradle/caches/modules-2/files-2.1/org.ow2.asm/asm-util/9.9/42fdfc0508b43807c8078d6e82ecff2ce2112ae8/asm-util-9.9.jar)
(com.google.gson.Gson) with version (null) was loaded from (/C:/Users/simon/.gradle/caches/modules-2/files-2.1/com.google.code.gson/gson/2.10.1/b3add478d4382b78ea20b1671390a858002feb6c/gson-2.10.1.jar)
Using cached Minecraft jars
:Extracting server jar from bootstrap
Evaluating layer mapping: loom:mappings:layered+hash.1865420937
Mod dependency options: {"__inlineRefmap__":false,"__mappings__":"loom.mappings.1_21_11.layered+hash.1865420937-v2"}
Applying installer data from C:\Users\simon\.gradle\caches\modules-2\files-2.1\net.fabricmc\fabric-loader\0.18.3\234f25229c51fdd8c0f3a72af0dbcf1ecf2f45d1\fabric-loader-0.18.3.jar
Found another installer JSON in (C:\Users\simon\.gradle\caches\modules-2\files-2.1\net.fabricmc\fabric-loader\0.18.3\234f25229c51fdd8c0f3a72af0dbcf1ecf2f45d1\fabric-loader-0.18.3.jar), ignoring
Found another installer JSON in (C:\Users\simon\.gradle\caches\modules-2\files-2.1\net.fabricmc\fabric-loader\0.16.0\f159d2d7c743eb5dda5624fcd77883c4711be3b1\fabric-loader-0.16.0.jar), ignoring
Found another installer JSON in (C:\Users\simon\.gradle\caches\modules-2\files-2.1\net.fabricmc\fabric-loader\0.16.2\e68b8c51e53f8d7b5a1076dd237450395a2e73a3\fabric-loader-0.16.2.jar), ignoring
Found another installer JSON in (C:\Users\simon\.gradle\caches\modules-2\files-2.1\net.fabricmc\fabric-loader\0.16.2\e68b8c51e53f8d7b5a1076dd237450395a2e73a3\fabric-loader-0.16.2.jar), ignoring
Configuring compiler arguments for Java
Adding mixin to classpath of AP config: annotationProcessor
Adding mixin to classpath of AP config: testAnnotationProcessor
All projects evaluated.
Task name matched 'build'
Selected primary task 'build' from project :
file or directory 'D:\GitProjects\ImmersivePortals\src\test\resources', not found
file or directory 'D:\GitProjects\ImmersivePortals\src\test\resources', not found
Tasks to be executed: [task ':compileJava', task ':processResources', task ':classes', task ':compileTestJava', task ':jar', task ':processIncludeJars', task ':remapJar', task ':sourcesJar', task ':remapSourcesJar', task ':assemble', task ':processTestResources', task ':testClasses', task ':test', task ':validateAccessWidener', task ':check', task ':build']
Tasks that were excluded: []
Resolve mutations for :compileJava (Thread[#382,Execution worker Thread 2,5,main]) started.
:compileJava (Thread[#382,Execution worker Thread 2,5,main]) started.

> Task :compileJava
Caching disabled for task ':compileJava' because:
  Build cache is disabled
  Gradle does not know how file 'build\classes\java\main\imm_ptl.refmap.json' was created (output property 'destinationDirectory'). Task output caching requires exclusive access to output paths to guarantee correctness (i.e. multiple tasks are not allowed to produce output in the same location).
Task ':compileJava' is not up-to-date because:
  Output property 'destinationDirectory' file D:\GitProjects\ImmersivePortals\build\classes\java\main\imm_ptl.refmap.json has changed.
  Output property 'mixin-ap-main-java' file D:\GitProjects\ImmersivePortals\build\loom-cache\mixin-map-loom.mappings.1_21_11.layered+hash.1865420937-v2.main.tiny has changed.
The input changes require a full rebuild for incremental task ':compileJava'.
Compilation mode: in-process compilation
Full recompilation is required because no incremental change information is available. This is usually caused by clean builds or changing compiler arguments.
Compiling with toolchain 'C:\Program Files\Java\jdk-21'.
Compiling with JDK Java compiler API.
D:\GitProjects\ImmersivePortals\src\main\java\qouteall\imm_ptl\core\mixin\client\render\MixinLevelRenderer.java:147: warning: Unable to locate method mapping for @At(INVOKE.<target>) 'Lnet/minecraft/client/renderer/DimensionSpecialEffects;constantAmbientLight()Z'
    @Inject(
    ^
D:\GitProjects\ImmersivePortals\src\main\java\qouteall\imm_ptl\core\mixin\client\render\MixinLevelRenderer.java:501: warning: Unable to locate method mapping for @At(INVOKE.<target>) 'Lnet/minecraft/class_761;method_62203(Lnet/minecraft/class_9909;Lcom/mojang/blaze3d/buffers/GpuBufferSlice;)V'
    @Inject(
    ^
D:\GitProjects\ImmersivePortals\src\main\java\qouteall\imm_ptl\core\mixin\client\render\MixinLevelRenderer.java:530: warning: Unable to locate method mapping for @At(INVOKE.<target>) 'Lnet/minecraft/class_761;method_62203(Lnet/minecraft/class_9909;Lcom/mojang/blaze3d/buffers/GpuBufferSlice;)V'
    @Inject(
    ^
D:\GitProjects\ImmersivePortals\src\main\java\qouteall\imm_ptl\core\mixin\client\render\MixinLevelRenderer_Optional.java:35: warning: Unable to determine descriptor for @Redirect target method
    @Redirect(
    ^
D:\GitProjects\ImmersivePortals\src\main\java\qouteall\imm_ptl\core\mixin\client\render\MixinLevelRenderer_Optional.java:73: warning: Unable to determine descriptor for @Redirect target method
    @Redirect(
    ^
D:\GitProjects\ImmersivePortals\src\main\java\qouteall\imm_ptl\core\mixin\client\render\MixinLevelRenderer_Optional.java:86: warning: Unable to determine descriptor for @Redirect target method
    @Redirect(
    ^
D:\GitProjects\ImmersivePortals\src\main\java\qouteall\imm_ptl\core\mixin\client\render\MixinLevelRenderer_Optional.java:99: warning: Unable to determine descriptor for @Redirect target method
    @Redirect(
    ^
D:\GitProjects\ImmersivePortals\src\main\java\qouteall\imm_ptl\core\mixin\client\render\MixinRenderType.java:13: warning: Unable to locate method mapping for @At(INVOKE.<target>) 'Lcom/mojang/blaze3d/systems/RenderSystem;bindDefaultUniforms(Lcom/mojang/blaze3d/systems/RenderPass;)V'
    @Redirect(
    ^
D:\GitProjects\ImmersivePortals\src\main\java\qouteall\imm_ptl\core\compat\sodium_compatibility\SodiumInterface.java:80: warning: [removal] SpriteUtil in net.caffeinemc.mods.sodium.client.render.texture has been deprecated and marked for removal
            SpriteUtil.markSpriteActive(sprite);
            ^
D:\GitProjects\ImmersivePortals\src\main\java\qouteall\imm_ptl\core\compat\sodium_compatibility\SodiumInterface.java:80: warning: [removal] markSpriteActive(TextureAtlasSprite) in SpriteUtil has been deprecated and marked for removal
            SpriteUtil.markSpriteActive(sprite);
                      ^
Note: Some input files use or override a deprecated API.
Note: Recompile with -Xlint:deprecation for details.
Note: Some input files use unchecked or unsafe operations.
Note: Recompile with -Xlint:unchecked for details.
10 warnings
Class dependency analysis for incremental compilation took 4.742 secs.
Created classpath snapshot for incremental compilation in 0.208 secs.
Resolve mutations for :processResources (Thread[#382,Execution worker Thread 2,5,main]) started.
:processResources (Thread[#382,Execution worker Thread 2,5,main]) started.

> Task :processResources UP-TO-DATE
Caching disabled for task ':processResources' because:
  Build cache is disabled
  Not worth caching
Skipping task ':processResources' as it is up-to-date.
Resolve mutations for :classes (Thread[#382,Execution worker Thread 2,5,main]) started.
:classes (Thread[#382,Execution worker Thread 2,5,main]) started.

> Task :classes
Skipping task ':classes' as it has no actions.
Resolve mutations for :compileTestJava (Thread[#382,Execution worker Thread 2,5,main]) started.
:compileTestJava (Thread[#382,Execution worker Thread 2,5,main]) started.

> Task :compileTestJava UP-TO-DATE
Caching disabled for task ':compileTestJava' because:
  Build cache is disabled
Skipping task ':compileTestJava' as it is up-to-date.
Resolve mutations for :jar (Thread[#382,Execution worker Thread 2,5,main]) started.
:jar (Thread[#382,Execution worker Thread 2,5,main]) started.

> Task :jar
Caching disabled for task ':jar' because:
  Build cache is disabled
  Not worth caching
Task ':jar' is not up-to-date because:
  Input property 'rootSpec$1' file D:\GitProjects\ImmersivePortals\build\classes\java\main\qouteall\imm_ptl\core\chunk_loading\ImmPtlChunkTickets$ChunkTicketInfo.class has changed.
  Input property 'rootSpec$1' file D:\GitProjects\ImmersivePortals\build\classes\java\main\qouteall\imm_ptl\core\chunk_loading\ImmPtlChunkTickets.class has changed.
Resolve mutations for :processIncludeJars (Thread[#382,Execution worker Thread 2,5,main]) started.
:processIncludeJars (Thread[#382,Execution worker Thread 2,5,main]) started.

> Task :processIncludeJars UP-TO-DATE
Caching disabled for task ':processIncludeJars' because:
  Build cache is disabled
  Caching has not been enabled for the task
Skipping task ':processIncludeJars' as it is up-to-date.
Resolve mutations for :remapJar (Thread[#382,Execution worker Thread 2,5,main]) started.
file or directory 'D:\GitProjects\ImmersivePortals\src\test\resources', not found
:remapJar (Thread[#382,Execution worker Thread 2,5,main]) started.
Resolve mutations for :sourcesJar (Thread[#390,Execution worker Thread 10,5,main]) started.
:sourcesJar (Thread[#390,Execution worker Thread 10,5,main]) started.

> Task :sourcesJar
Caching disabled for task ':sourcesJar' because:
  Build cache is disabled
  Not worth caching
Task ':sourcesJar' is not up-to-date because:
  Input property 'rootSpec$1' file D:\GitProjects\ImmersivePortals\src\main\java\qouteall\imm_ptl\core\chunk_loading\ImmPtlChunkTickets.java has changed.
  Input property 'rootSpec$1' file D:\GitProjects\ImmersivePortals\src\main\java\qouteall\imm_ptl\core\mixin\common\chunk_sync\MixinPlayerChunkSender.java has changed.
Resolve mutations for :remapSourcesJar (Thread[#390,Execution worker Thread 10,5,main]) started.
:remapSourcesJar (Thread[#390,Execution worker Thread 10,5,main]) started.
Resolve mutations for :processTestResources (Thread[#397,Execution worker Thread 17,5,main]) started.
:processTestResources (Thread[#397,Execution worker Thread 17,5,main]) started.

> Task :processTestResources NO-SOURCE
Skipping task ':processTestResources' as it has no source files and no previous output files.
Resolve mutations for :testClasses (Thread[#397,Execution worker Thread 17,5,main]) started.
:testClasses (Thread[#397,Execution worker Thread 17,5,main]) started.

> Task :testClasses UP-TO-DATE
Skipping task ':testClasses' as it has no actions.
Resolve mutations for :test (Thread[#397,Execution worker Thread 17,5,main]) started.
:test (Thread[#397,Execution worker Thread 17,5,main]) started.
Gradle Test Executor 1 started executing tests.

> Task :remapJar
Caching disabled for task ':remapJar' because:
  Build cache is disabled
  Caching has not been enabled for the task
Task ':remapJar' is not up-to-date because:
  Input property 'input' file D:\GitProjects\ImmersivePortals\build\devlibs\immersive-portals-6.0.9-dev.jar has changed.
  Input property 'inputFile' file D:\GitProjects\ImmersivePortals\build\devlibs\immersive-portals-6.0.9-dev.jar has changed.
  Input property 'rootSpec$1' file D:\GitProjects\ImmersivePortals\build\devlibs\immersive-portals-6.0.9-dev.jar has changed.
  and more...
file or directory 'D:\GitProjects\ImmersivePortals\src\test\resources', not found
Remapping C:\Users\simon\AppData\Local\Temp\loom-remapJar-4296562509451116125-input.jar to D:\GitProjects\ImmersivePortals\build\libs\immersive-portals-6.0.9-mc1.21.11-fabric.jar

Gradle Test Executor 1 finished executing tests.

> Task :remapSourcesJar
Caching disabled for task ':remapSourcesJar' because:
  Build cache is disabled
  Caching has not been enabled for the task
Task ':remapSourcesJar' is not up-to-date because:
  Input property 'input' file D:\GitProjects\ImmersivePortals\build\devlibs\immersive-portals-6.0.9-sources.jar has changed.
  Input property 'inputFile' file D:\GitProjects\ImmersivePortals\build\devlibs\immersive-portals-6.0.9-sources.jar has changed.
  Input property 'rootSpec$1' file D:\GitProjects\ImmersivePortals\build\devlibs\immersive-portals-6.0.9-sources.jar has changed.

> Task :test
Caching disabled for task ':test' because:
  Build cache is disabled
Task ':test' is not up-to-date because:
  Input property 'stableClasspath' file D:\GitProjects\ImmersivePortals\build\classes\java\main\qouteall\imm_ptl\core\chunk_loading\ImmPtlChunkTickets$ChunkTicketInfo.class has changed.
  Input property 'stableClasspath' file D:\GitProjects\ImmersivePortals\build\classes\java\main\qouteall\imm_ptl\core\chunk_loading\ImmPtlChunkTickets.class has changed.
Starting process 'Gradle Test Executor 1'. Working directory: D:\GitProjects\ImmersivePortals Command: C:\Program Files\Java\jdk-21\bin\java.exe -Dorg.gradle.internal.worker.tmpdir=D:\GitProjects\ImmersivePortals\build\tmp\test\work @C:\Users\simon\.gradle\.tmp\gradle-worker-classpath16602968697448942853txt -Xmx512m -Dfile.encoding=UTF-8 -Duser.country=IT -Duser.language=it -Duser.variant -ea worker.org.gradle.process.internal.worker.GradleWorkerMain 'Gradle Test Executor 1'
Successfully started process 'Gradle Test Executor 1'
Finished generating test XML results (0.054 secs) into: D:\GitProjects\ImmersivePortals\build\test-results\test
Generating HTML test report...
Finished generating test html results (0.065 secs) into: D:\GitProjects\ImmersivePortals\build\reports\tests\test
Resolve mutations for :validateAccessWidener (Thread[#397,Execution worker Thread 17,5,main]) started.
:validateAccessWidener (Thread[#397,Execution worker Thread 17,5,main]) started.

> Task :validateAccessWidener UP-TO-DATE
Caching disabled for task ':validateAccessWidener' because:
  Build cache is disabled
  Caching has not been enabled for the task
Skipping task ':validateAccessWidener' as it is up-to-date.
Resolve mutations for :check (Thread[#397,Execution worker Thread 17,5,main]) started.
:check (Thread[#397,Execution worker Thread 17,5,main]) started.

> Task :check
Skipping task ':check' as it has no actions.
Resolve mutations for :assemble (Thread[#390,Execution worker Thread 10,5,main]) started.
:assemble (Thread[#390,Execution worker Thread 10,5,main]) started.

> Task :assemble
Skipping task ':assemble' as it has no actions.
Resolve mutations for :build (Thread[#390,Execution worker Thread 10,5,main]) started.
:build (Thread[#390,Execution worker Thread 10,5,main]) started.

> Task :build
Skipping task ':build' as it has no actions.

[Incubating] Problems report is available at: file:///D:/GitProjects/ImmersivePortals/build/reports/problems/problems-report.html

Deprecated Gradle features were used in this build, making it incompatible with Gradle 10.

You can use '--warning-mode all' to show the individual deprecation warnings and determine if they come from your own scripts or plugins.

For more on this, please refer to https://docs.gradle.org/9.2.1-20251115020124+0000/userguide/command_line_interface.html#sec:command_line_warnings in the Gradle documentation.

BUILD SUCCESSFUL in 32s
10 actionable tasks: 6 executed, 4 up-to-date
Watched directory hierarchies: [D:\GitProjects\ImmersivePortals]
